Launching lib\main.dart on Chrome in debug mode...
Waiting for connection from debug service on Chrome...             22.2s
This app is linked to the debug service: ws://127.0.0.1:50795/zuY-bYn-vVU=/ws
Debug service listening on ws://127.0.0.1:50795/zuY-bYn-vVU=/ws

  To hot restart changes while running, press "r" or "R".
For a more detailed help message, press "h". To quit, press "q".

A Dart VM Service on Chrome is available at: http://127.0.0.1:50795/zuY-bYn-vVU=
DataTable2 built: 1ms
The Flutter DevTools debugger and profiler on Chrome is available at: http://127.0.0.1:9101?uri=http://127.0.0.1:50795/zuY-bYn-vVU=
Application finished.
Launching lib\main.dart on Chrome in debug mode...
Waiting for connection from debug service on Chrome...             20.8s
This app is linked to the debug service: ws://127.0.0.1:50559/vSDtxkv1LW0=/ws
Debug service listening on ws://127.0.0.1:50559/vSDtxkv1LW0=/ws

  To hot restart changes while running, press "r" or "R".
For a more detailed help message, press "h". To quit, press "q".

A Dart VM Service on Chrome is available at: http://127.0.0.1:50559/vSDtxkv1LW0=
DataTable2 built: 2ms
The Flutter DevTools debugger and profiler on Chrome is available at: http://127.0.0.1:9101?uri=http://127.0.0.1:50559/vSDtxkv1LW0=
Application finished.
Launching lib\main.dart on Chrome in debug mode...
Waiting for connection from debug service on Chrome...             39.6s
This app is linked to the debug service: ws://127.0.0.1:54677/pM6oRiE7uvk=/ws
Debug service listening on ws://127.0.0.1:54677/pM6oRiE7uvk=/ws

  To hot restart changes while running, press "r" or "R".
For a more detailed help message, press "h". To quit, press "q".

A Dart VM Service on Chrome is available at: http://127.0.0.1:54677/pM6oRiE7uvk=
DataTable2 built: 6ms
The Flutter DevTools debugger and profiler on Chrome is available at: http://127.0.0.1:9101?uri=http://127.0.0.1:54677/pM6oRiE7uvk=
Application finished.
